// Jest Snapshot v1, https://goo.gl/fbAQLP

exports[`CitiesList is rendered correctly 1`] = `
Array [
  <h1
    className="visually-hidden"
  >
    Cities
  </h1>,
  <div
    className="tabs"
  >
    <section
      className="locations container"
    >
      <ul
        className="locations__list tabs__list"
      >
        <li
          className="locations__item"
          onClick={[Function]}
        >
          <a
            aria-current="page"
            className="locations__item-link tabs__item tabs__item--active active"
            href="/"
            onClick={[Function]}
            style={Object {}}
          >
            <span>
              Amsterdam
            </span>
          </a>
        </li>
        <li
          className="locations__item"
          onClick={[Function]}
        >
          <a
            aria-current="page"
            className="locations__item-link tabs__item  active"
            href="/"
            onClick={[Function]}
            style={Object {}}
          >
            <span>
              Paris
            </span>
          </a>
        </li>
      </ul>
    </section>
  </div>,
]
`;
