// Jest Snapshot v1, https://goo.gl/fbAQLP

exports[`withSort is rendered correctly 1`] = `<div />`;
