// Jest Snapshot v1, https://goo.gl/fbAQLP

exports[`Render correctly component Map 1`] = `
<section
  className="className__map map"
  id="map"
/>
`;
