// Jest Snapshot v1, https://goo.gl/fbAQLP

exports[`Preloader is rendered correctly 1`] = `
<div
  className="className__mark"
>
  <span>
    Premium
  </span>
</div>
`;
