// Jest Snapshot v1, https://goo.gl/fbAQLP

exports[`Preloader is rendered correctly 1`] = `
<h3
  className="near-places__title"
>
  Loading data...
</h3>
`;
