// Jest Snapshot v1, https://goo.gl/fbAQLP

exports[`OffersContentEmpty rendered correctly 1`] = `
<h1>
  Page not found or lost connection
</h1>
`;
